{"ts": "2026-09-21T09:06:34.727298+00:00", "level": "INFO", "logger": "hunterx.cli", "message": "scan starting (Phase 1: scope validation)", "module": "cli"}
{"ts": "2026-09-21T09:06:34.769559+00:00", "level": "INFO", "logger": "hunterx.cli", "message": "phase scope complete", "run_id": "RUN-2026-09-21-006", "module": "cli"}
{"ts": "2026-09-21T09:07:10.728198+00:00", "level": "INFO", "logger": "hunterx.cli", "message": "scan starting (Phase 1: scope validation)", "module": "cli"}
{"ts": "2026-09-21T09:07:10.791020+00:00", "level": "INFO", "logger": "hunterx.cli", "message": "phase scope complete", "run_id": "RUN-2026-09-21-007", "module": "cli"}
{"ts": "2026-09-21T09:07:32.020300+00:00", "level": "INFO", "logger": "hunterx.cli", "message": "scan starting (Phase 1: scope validation)", "module": "cli"}
{"ts": "2026-09-21T09:07:32.059081+00:00", "level": "INFO", "logger": "hunterx.cli", "message": "phase scope complete", "run_id": "RUN-2026-09-21-008", "module": "cli"}
{"ts": "2026-09-21T16:40:50.477710+00:00", "level": "INFO", "logger": "hunterx.scan", "message": "phase discovery: starting", "module": "scan"}
{"ts": "2026-09-21T16:40:50.479282+00:00", "level": "INFO", "logger": "hunterx.discovery.subdomains", "message": "discovery: collecting subdomains for *.crypto.com", "module": "subdomains"}
{"ts": "2026-09-21T16:40:50.541130+00:00", "level": "INFO", "logger": "hunterx.discovery.subdomains", "message": "subdomain source subfinder not installed; skipped", "module": "subdomains"}
{"ts": "2026-09-21T16:40:50.541625+00:00", "level": "INFO", "logger": "hunterx.discovery.subdomains", "message": "subdomain source assetfinder not installed; skipped", "module": "subdomains"}
{"ts": "2026-09-21T16:40:50.542075+00:00", "level": "INFO", "logger": "hunterx.discovery.subdomains", "message": "subdomain source amass not installed; skipped", "module": "subdomains"}
{"ts": "2026-09-21T16:40:51.213466+00:00", "level": "INFO", "logger": "hunterx.http", "message": "GET https://crt.sh/?q=%25.*.crypto.com&output=json -> 502", "run_id": "RUN-2026-09-21-009", "module": "httpclient"}
{"ts": "2026-09-21T16:40:51.214898+00:00", "level": "INFO", "logger": "hunterx.discovery.subdomains", "message": "crt.sh unavailable (status=502)", "module": "subdomains"}
{"ts": "2026-09-21T16:40:51.218017+00:00", "level": "INFO", "logger": "hunterx.discovery.subdomains", "message": "discovery: 0 in-scope names (0 new)", "module": "subdomains"}
{"ts": "2026-09-21T16:40:51.219225+00:00", "level": "INFO", "logger": "hunterx.scan", "message": "NEW ASSETS: (none)", "module": "subdomains"}
{"ts": "2026-09-21T16:40:51.230877+00:00", "level": "INFO", "logger": "hunterx.scan", "message": "phase discovery: done (0 items)", "module": "scan"}
{"ts": "2026-09-21T16:40:51.241113+00:00", "level": "INFO", "logger": "hunterx.scan", "message": "phase dns: starting", "module": "scan"}
{"ts": "2026-09-21T16:40:51.244090+00:00", "level": "INFO", "logger": "hunterx.discovery.dns", "message": "dns: resolving 1 hosts", "module": "dns"}
{"ts": "2026-09-21T16:40:51.292531+00:00", "level": "INFO", "logger": "hunterx.discovery.dns", "message": "dns: 1 hosts resolved, 0 dangling-CNAME potentials", "module": "dns"}
{"ts": "2026-09-21T16:40:51.298968+00:00", "level": "INFO", "logger": "hunterx.scan", "message": "phase dns: done (1 items)", "module": "scan"}
{"ts": "2026-09-21T16:40:51.305382+00:00", "level": "INFO", "logger": "hunterx.scan", "message": "phase http: starting", "module": "scan"}
{"ts": "2026-09-21T16:40:51.307056+00:00", "level": "INFO", "logger": "hunterx.web.probe", "message": "probe: checking 1 hosts", "module": "probe"}
{"ts": "2026-09-21T16:41:12.522863+00:00", "level": "INFO", "logger": "hunterx.web.probe", "message": "probe: 0 live endpoints recorded", "module": "probe"}
{"ts": "2026-09-21T16:41:12.540661+00:00", "level": "INFO", "logger": "hunterx.scan", "message": "phase http: done (0 items)", "module": "scan"}
{"ts": "2026-09-21T16:41:12.573672+00:00", "level": "INFO", "logger": "hunterx.scan", "message": "phase ports: starting", "module": "scan"}
{"ts": "2026-09-21T16:41:12.584464+00:00", "level": "INFO", "logger": "hunterx.network.ports", "message": "ports: fallback connect-scan across 1 hosts", "module": "ports"}
{"ts": "2026-09-21T16:41:12.585060+00:00", "level": "INFO", "logger": "hunterx.network.ports", "message": "ports: 0 open ports across 1 hosts", "module": "ports"}
{"ts": "2026-09-21T16:41:12.591847+00:00", "level": "INFO", "logger": "hunterx.scan", "message": "phase ports: done (0 items)", "module": "scan"}
{"ts": "2026-09-21T16:41:12.598728+00:00", "level": "INFO", "logger": "hunterx.scan", "message": "phase fingerprinting: starting", "module": "scan"}
{"ts": "2026-09-21T16:41:14.121362+00:00", "level": "INFO", "logger": "hunterx.web.fingerprint", "message": "fingerprint: 0 technology claims saved", "module": "fingerprint"}
{"ts": "2026-09-21T16:41:14.138924+00:00", "level": "INFO", "logger": "hunterx.scan", "message": "phase fingerprinting: done (0 items)", "module": "scan"}
{"ts": "2026-09-21T16:41:14.148968+00:00", "level": "INFO", "logger": "hunterx.scan", "message": "phase urls: starting", "module": "scan"}
{"ts": "2026-09-21T16:41:14.204609+00:00", "level": "INFO", "logger": "hunterx.web.urls", "message": "urls: gau returned 0", "module": "urls"}
{"ts": "2026-09-21T16:41:14.205201+00:00", "level": "INFO", "logger": "hunterx.web.urls", "message": "urls: waybackurls returned 0", "module": "urls"}
{"ts": "2026-09-21T16:41:14.205810+00:00", "level": "INFO", "logger": "hunterx.web.urls", "message": "urls: katana returned 0", "module": "urls"}
{"ts": "2026-09-21T16:41:15.716402+00:00", "level": "INFO", "logger": "hunterx.web.urls", "message": "urls: stored 0 URLs (0 candidates)", "module": "urls"}
{"ts": "2026-09-21T16:41:15.717486+00:00", "level": "INFO", "logger": "hunterx.web.crawler", "message": "crawler: crawling 2 seeds", "module": "crawler"}
{"ts": "2026-09-21T16:41:18.749329+00:00", "level": "INFO", "logger": "hunterx.web.crawler", "message": "crawler: done (0 pages)", "module": "crawler"}
{"ts": "2026-09-21T16:41:18.781137+00:00", "level": "INFO", "logger": "hunterx.scan", "message": "phase urls: done (0 items)", "module": "scan"}
{"ts": "2026-09-21T16:41:18.795011+00:00", "level": "INFO", "logger": "hunterx.scan", "message": "phase javascript: starting", "module": "scan"}
{"ts": "2026-09-21T16:41:18.800670+00:00", "level": "INFO", "logger": "hunterx.web.js", "message": "js-analysis: no .js URLs yet", "module": "js_analysis"}
{"ts": "2026-09-21T16:41:18.807793+00:00", "level": "INFO", "logger": "hunterx.scan", "message": "phase javascript: done (0 items)", "module": "scan"}
{"ts": "2026-09-21T16:41:18.816175+00:00", "level": "INFO", "logger": "hunterx.scan", "message": "phase parameters: starting", "module": "scan"}
{"ts": "2026-09-21T16:41:18.816940+00:00", "level": "INFO", "logger": "hunterx.web.parameters", "message": "parameters: 0 query parameters indexed", "module": "parameters"}
{"ts": "2026-09-21T16:41:18.823456+00:00", "level": "INFO", "logger": "hunterx.scan", "message": "phase parameters: done (0 items)", "module": "scan"}
{"ts": "2026-09-21T16:41:18.831825+00:00", "level": "INFO", "logger": "hunterx.scan", "message": "phase fuzzing: starting", "module": "scan"}
{"ts": "2026-09-21T16:41:18.838248+00:00", "level": "INFO", "logger": "hunterx.web.fuzzing", "message": "fuzzing: 0 additional paths discovered (small tier)", "module": "fuzzing"}
{"ts": "2026-09-21T16:41:18.845404+00:00", "level": "INFO", "logger": "hunterx.scan", "message": "phase fuzzing: done (0 items)", "module": "scan"}
{"ts": "2026-09-21T16:41:18.852888+00:00", "level": "INFO", "logger": "hunterx.scan", "message": "phase scanners: starting", "module": "scan"}
{"ts": "2026-09-21T16:41:18.856712+00:00", "level": "INFO", "logger": "hunterx.scanners.headers", "message": "headers: 0 new missing-header findings", "module": "headers"}
{"ts": "2026-09-21T16:41:18.857405+00:00", "level": "INFO", "logger": "hunterx.scanners.cors", "message": "cors: checked 0 origins", "module": "cors"}
{"ts": "2026-09-21T16:41:18.858127+00:00", "level": "INFO", "logger": "hunterx.scanners.redirects", "message": "redirect: checked 0 parameterized URLs", "module": "redirects"}
{"ts": "2026-09-21T16:41:18.859076+00:00", "level": "INFO", "logger": "hunterx.scanners.exposures", "message": "exposures: checked 0 origins", "module": "exposures"}
{"ts": "2026-09-21T16:41:18.859937+00:00", "level": "INFO", "logger": "hunterx.scanners.nuclei", "message": "nuclei: not installed; skipped", "module": "nuclei"}
{"ts": "2026-09-21T16:41:18.860496+00:00", "level": "INFO", "logger": "hunterx.scanners.run", "message": "scanners: complete (0 new findings)", "module": "run"}
{"ts": "2026-09-21T16:41:18.867159+00:00", "level": "INFO", "logger": "hunterx.scan", "message": "phase scanners: done (0 items)", "module": "scan"}
{"ts": "2026-09-21T16:41:18.873857+00:00", "level": "INFO", "logger": "hunterx.scan", "message": "phase cve: starting", "module": "scan"}
{"ts": "2026-09-21T16:41:18.875593+00:00", "level": "INFO", "logger": "hunterx.intelligence.cve", "message": "cve: 0 new correlated findings", "module": "cve"}
{"ts": "2026-09-21T16:41:18.881755+00:00", "level": "INFO", "logger": "hunterx.scan", "message": "phase cve: done (0 items)", "module": "scan"}
{"ts": "2026-09-21T16:41:18.888071+00:00", "level": "INFO", "logger": "hunterx.scan", "message": "phase dedup: starting", "module": "scan"}
{"ts": "2026-09-21T16:41:18.889372+00:00", "level": "INFO", "logger": "hunterx.analysis.dedup", "message": "dedup: 0 duplicates removed, 0 noise-marked", "module": "dedup"}
{"ts": "2026-09-21T16:41:18.897176+00:00", "level": "INFO", "logger": "hunterx.scan", "message": "phase dedup: done (0 items)", "module": "scan"}
{"ts": "2026-09-21T16:41:18.903579+00:00", "level": "INFO", "logger": "hunterx.scan", "message": "phase evidence: starting", "module": "scan"}
{"ts": "2026-09-21T16:41:18.904531+00:00", "level": "INFO", "logger": "hunterx.analysis.evidence", "message": "evidence: staged files under /app/data/evidence/RUN-2026-09-21-009", "module": "evidence"}
{"ts": "2026-09-21T16:41:18.910984+00:00", "level": "INFO", "logger": "hunterx.scan", "message": "phase evidence: done (0 items)", "module": "scan"}
{"ts": "2026-09-21T16:41:18.917278+00:00", "level": "INFO", "logger": "hunterx.scan", "message": "phase prioritization: starting", "module": "scan"}
{"ts": "2026-09-21T16:41:18.918324+00:00", "level": "INFO", "logger": "hunterx.analysis.prioritization", "message": "prioritization: scored 0 findings", "module": "prioritization"}
{"ts": "2026-09-21T16:41:18.926354+00:00", "level": "INFO", "logger": "hunterx.scan", "message": "phase prioritization: done (0 items)", "module": "scan"}
{"ts": "2026-09-21T16:41:18.933191+00:00", "level": "INFO", "logger": "hunterx.scan", "message": "phase ai: starting", "module": "scan"}
{"ts": "2026-09-21T16:41:18.936440+00:00", "level": "INFO", "logger": "hunterx.analysis.ai", "message": "ai: disabled in config, skipping", "module": "ai"}
{"ts": "2026-09-21T16:41:18.945790+00:00", "level": "INFO", "logger": "hunterx.scan", "message": "phase ai: done (0 items)", "module": "scan"}
{"ts": "2026-09-21T16:41:18.954910+00:00", "level": "INFO", "logger": "hunterx.scan", "message": "phase reporting: starting", "module": "scan"}
{"ts": "2026-09-21T16:41:18.982772+00:00", "level": "INFO", "logger": "hunterx.reporting", "message": "reporting: 5 format(s) written to /app/reports/RUN-2026-09-21-009", "module": "run"}
{"ts": "2026-09-21T16:41:18.993027+00:00", "level": "INFO", "logger": "hunterx.scan", "message": "phase reporting: done (0 items)", "module": "scan"}
{"ts": "2026-09-21T16:41:19.003439+00:00", "level": "INFO", "logger": "hunterx.scan", "message": "phase notification: starting", "module": "scan"}
{"ts": "2026-09-21T16:41:19.009368+00:00", "level": "INFO", "logger": "hunterx.integrations", "message": "notify: 0 notifications dispatched", "module": "notify"}
{"ts": "2026-09-21T16:41:19.018936+00:00", "level": "INFO", "logger": "hunterx.scan", "message": "phase notification: done (0 items)", "module": "scan"}
{"ts": "2026-09-21T16:49:39.479665+00:00", "level": "INFO", "logger": "hunterx.scan", "message": "phase discovery: starting", "module": "scan"}
{"ts": "2026-09-21T16:49:39.480608+00:00", "level": "INFO", "logger": "hunterx.discovery.subdomains", "message": "discovery: collecting subdomains for 127.0.0.1", "module": "subdomains"}
{"ts": "2026-09-21T16:49:39.560801+00:00", "level": "INFO", "logger": "hunterx.discovery.subdomains", "message": "subdomain source subfinder not installed; skipped", "module": "subdomains"}
{"ts": "2026-09-21T16:49:39.560989+00:00", "level": "INFO", "logger": "hunterx.discovery.subdomains", "message": "subdomain source assetfinder not installed; skipped", "module": "subdomains"}
{"ts": "2026-09-21T16:49:39.561153+00:00", "level": "INFO", "logger": "hunterx.discovery.subdomains", "message": "subdomain source amass not installed; skipped", "module": "subdomains"}
{"ts": "2026-09-21T16:49:50.036632+00:00", "level": "INFO", "logger": "hunterx.http", "message": "GET https://crt.sh/?q=%25.127.0.0.1&output=json -> 404", "run_id": "RUN-2026-09-21-010", "module": "httpclient"}
{"ts": "2026-09-21T16:49:50.036878+00:00", "level": "INFO", "logger": "hunterx.discovery.subdomains", "message": "crt.sh unavailable (status=404)", "module": "subdomains"}
{"ts": "2026-09-21T16:49:50.037082+00:00", "level": "INFO", "logger": "hunterx.discovery.subdomains", "message": "discovery: 0 in-scope names (0 new)", "module": "subdomains"}
{"ts": "2026-09-21T16:49:50.037200+00:00", "level": "INFO", "logger": "hunterx.scan", "message": "NEW ASSETS: (none)", "module": "subdomains"}
{"ts": "2026-09-21T16:49:50.044164+00:00", "level": "INFO", "logger": "hunterx.scan", "message": "phase discovery: done (0 items)", "module": "scan"}
{"ts": "2026-09-21T16:49:50.049990+00:00", "level": "INFO", "logger": "hunterx.scan", "message": "phase dns: starting", "module": "scan"}
{"ts": "2026-09-21T16:49:50.050782+00:00", "level": "INFO", "logger": "hunterx.discovery.dns", "message": "dns: resolving 2 hosts", "module": "dns"}
{"ts": "2026-09-21T16:49:50.107134+00:00", "level": "INFO", "logger": "hunterx.discovery.dns", "message": "dns: 2 hosts resolved, 0 dangling-CNAME potentials", "module": "dns"}
{"ts": "2026-09-21T16:49:50.112745+00:00", "level": "INFO", "logger": "hunterx.scan", "message": "phase dns: done (2 items)", "module": "scan"}
{"ts": "2026-09-21T16:49:50.118545+00:00", "level": "INFO", "logger": "hunterx.scan", "message": "phase http: starting", "module": "scan"}
{"ts": "2026-09-21T16:49:50.119757+00:00", "level": "INFO", "logger": "hunterx.web.probe", "message": "probe: checking 1 hosts", "module": "probe"}
{"ts": "2026-09-21T16:50:14.212781+00:00", "level": "INFO", "logger": "hunterx.web.probe", "message": "probe: 0 live endpoints recorded", "module": "probe"}
{"ts": "2026-09-21T16:50:14.231181+00:00", "level": "INFO", "logger": "hunterx.scan", "message": "phase http: done (0 items)", "module": "scan"}
{"ts": "2026-09-21T16:50:14.236628+00:00", "level": "INFO", "logger": "hunterx.scan", "message": "phase ports: starting", "module": "scan"}
{"ts": "2026-09-21T16:50:14.243665+00:00", "level": "INFO", "logger": "hunterx.network.ports", "message": "ports: fallback connect-scan across 1 hosts", "module": "ports"}
{"ts": "2026-09-21T16:50:14.254691+00:00", "level": "INFO", "logger": "hunterx.network.ports", "message": "ports: 1 open ports across 1 hosts", "module": "ports"}
{"ts": "2026-09-21T16:50:14.260203+00:00", "level": "INFO", "logger": "hunterx.scan", "message": "phase ports: done (1 items)", "module": "scan"}
{"ts": "2026-09-21T16:50:14.265571+00:00", "level": "INFO", "logger": "hunterx.scan", "message": "phase fingerprinting: starting", "module": "scan"}
{"ts": "2026-09-21T16:50:15.773944+00:00", "level": "INFO", "logger": "hunterx.web.fingerprint", "message": "fingerprint: 0 technology claims saved", "module": "fingerprint"}
{"ts": "2026-09-21T16:50:15.787027+00:00", "level": "INFO", "logger": "hunterx.scan", "message": "phase fingerprinting: done (0 items)", "module": "scan"}
{"ts": "2026-09-21T16:50:15.792852+00:00", "level": "INFO", "logger": "hunterx.scan", "message": "phase urls: starting", "module": "scan"}
{"ts": "2026-09-21T16:50:15.802374+00:00", "level": "INFO", "logger": "hunterx.web.urls", "message": "urls: gau returned 0", "module": "urls"}
{"ts": "2026-09-21T16:50:15.802760+00:00", "level": "INFO", "logger": "hunterx.web.urls", "message": "urls: waybackurls returned 0", "module": "urls"}
{"ts": "2026-09-21T16:50:15.803052+00:00", "level": "INFO", "logger": "hunterx.web.urls", "message": "urls: katana returned 0", "module": "urls"}
{"ts": "2026-09-21T16:50:17.307918+00:00", "level": "INFO", "logger": "hunterx.web.urls", "message": "urls: stored 0 URLs (0 candidates)", "module": "urls"}
{"ts": "2026-09-21T16:50:17.308193+00:00", "level": "INFO", "logger": "hunterx.web.crawler", "message": "crawler: crawling 2 seeds", "module": "crawler"}
{"ts": "2026-09-21T16:50:20.322864+00:00", "level": "INFO", "logger": "hunterx.web.crawler", "message": "crawler: done (0 pages)", "module": "crawler"}
{"ts": "2026-09-21T16:50:20.328679+00:00", "level": "INFO", "logger": "hunterx.scan", "message": "phase urls: done (0 items)", "module": "scan"}
{"ts": "2026-09-21T16:50:20.344610+00:00", "level": "INFO", "logger": "hunterx.scan", "message": "phase javascript: starting", "module": "scan"}
{"ts": "2026-09-21T16:50:20.346934+00:00", "level": "INFO", "logger": "hunterx.web.js", "message": "js-analysis: no .js URLs yet", "module": "js_analysis"}
{"ts": "2026-09-21T16:50:20.352396+00:00", "level": "INFO", "logger": "hunterx.scan", "message": "phase javascript: done (0 items)", "module": "scan"}
{"ts": "2026-09-21T16:50:20.357984+00:00", "level": "INFO", "logger": "hunterx.scan", "message": "phase parameters: starting", "module": "scan"}
{"ts": "2026-09-21T16:50:20.358707+00:00", "level": "INFO", "logger": "hunterx.web.parameters", "message": "parameters: 0 query parameters indexed", "module": "parameters"}
{"ts": "2026-09-21T16:50:20.364546+00:00", "level": "INFO", "logger": "hunterx.scan", "message": "phase parameters: done (0 items)", "module": "scan"}
{"ts": "2026-09-21T16:50:20.370522+00:00", "level": "INFO", "logger": "hunterx.scan", "message": "phase reporting: starting", "module": "scan"}
{"ts": "2026-09-21T16:50:20.372840+00:00", "level": "INFO", "logger": "hunterx.reporting", "message": "reporting: 5 format(s) written to /home/yassr/hunterx/reports/RUN-2026-09-21-010", "module": "run"}
{"ts": "2026-09-21T16:50:20.378563+00:00", "level": "INFO", "logger": "hunterx.scan", "message": "phase reporting: done (0 items)", "module": "scan"}
{"ts": "2026-09-21T16:50:36.986988+00:00", "level": "INFO", "logger": "hunterx.scan", "message": "phase discovery: starting", "module": "scan"}
{"ts": "2026-09-21T16:50:36.988399+00:00", "level": "INFO", "logger": "hunterx.discovery.subdomains", "message": "discovery: collecting subdomains for 127.0.0.1", "module": "subdomains"}
{"ts": "2026-09-21T16:50:37.087316+00:00", "level": "INFO", "logger": "hunterx.discovery.subdomains", "message": "subdomain source subfinder not installed; skipped", "module": "subdomains"}
{"ts": "2026-09-21T16:50:37.087634+00:00", "level": "INFO", "logger": "hunterx.discovery.subdomains", "message": "subdomain source assetfinder not installed; skipped", "module": "subdomains"}
{"ts": "2026-09-21T16:50:37.087898+00:00", "level": "INFO", "logger": "hunterx.discovery.subdomains", "message": "subdomain source amass not installed; skipped", "module": "subdomains"}
{"ts": "2026-09-21T16:51:39.381987+00:00", "level": "INFO", "logger": "hunterx.http", "message": "GET https://crt.sh/?q=%25.127.0.0.1&output=json -> 200", "run_id": "RUN-2026-09-21-011", "module": "httpclient"}
{"ts": "2026-09-21T16:51:39.396822+00:00", "level": "INFO", "logger": "hunterx.discovery.subdomains", "message": "discovery: 1 in-scope names (0 new)", "module": "subdomains"}
{"ts": "2026-09-21T16:51:39.396959+00:00", "level": "INFO", "logger": "hunterx.scan", "message": "NEW ASSETS: (none)", "module": "subdomains"}
{"ts": "2026-09-21T16:51:39.402652+00:00", "level": "INFO", "logger": "hunterx.scan", "message": "phase discovery: done (0 items)", "module": "scan"}
{"ts": "2026-09-21T16:51:39.408490+00:00", "level": "INFO", "logger": "hunterx.scan", "message": "phase dns: starting", "module": "scan"}
{"ts": "2026-09-21T16:51:39.409207+00:00", "level": "INFO", "logger": "hunterx.discovery.dns", "message": "dns: resolving 2 hosts", "module": "dns"}
{"ts": "2026-09-21T16:51:39.457082+00:00", "level": "INFO", "logger": "hunterx.discovery.dns", "message": "dns: 2 hosts resolved, 0 dangling-CNAME potentials", "module": "dns"}
{"ts": "2026-09-21T16:51:39.462573+00:00", "level": "INFO", "logger": "hunterx.scan", "message": "phase dns: done (2 items)", "module": "scan"}
{"ts": "2026-09-21T16:51:39.468249+00:00", "level": "INFO", "logger": "hunterx.scan", "message": "phase reporting: starting", "module": "scan"}
{"ts": "2026-09-21T16:51:39.470152+00:00", "level": "INFO", "logger": "hunterx.reporting", "message": "reporting: 5 format(s) written to /home/yassr/hunterx/reports/RUN-2026-09-21-011", "module": "run"}
{"ts": "2026-09-21T16:51:39.475648+00:00", "level": "INFO", "logger": "hunterx.scan", "message": "phase reporting: done (0 items)", "module": "scan"}
{"ts": "2026-09-21T16:51:39.502928+00:00", "level": "INFO", "logger": "hunterx.reporting", "message": "reporting: 5 format(s) written to /home/yassr/hunterx/reports/RUN-2026-09-21-011", "module": "run"}
{"ts": "2026-09-21T16:51:54.165171+00:00", "level": "INFO", "logger": "hunterx.scan", "message": "phase discovery: starting", "module": "scan"}
{"ts": "2026-09-21T16:51:54.167395+00:00", "level": "INFO", "logger": "hunterx.discovery.subdomains", "message": "discovery: collecting subdomains for 127.0.0.1", "module": "subdomains"}
{"ts": "2026-09-21T16:51:54.261350+00:00", "level": "INFO", "logger": "hunterx.discovery.subdomains", "message": "subdomain source subfinder not installed; skipped", "module": "subdomains"}
{"ts": "2026-09-21T16:51:54.261543+00:00", "level": "INFO", "logger": "hunterx.discovery.subdomains", "message": "subdomain source assetfinder not installed; skipped", "module": "subdomains"}
{"ts": "2026-09-21T16:51:54.261793+00:00", "level": "INFO", "logger": "hunterx.discovery.subdomains", "message": "subdomain source amass not installed; skipped", "module": "subdomains"}
{"ts": "2026-09-21T16:52:25.299604+00:00", "level": "INFO", "logger": "hunterx.http", "message": "GET https://crt.sh/?q=%25.127.0.0.1&output=json -> 502", "run_id": "RUN-2026-09-21-012", "module": "httpclient"}
{"ts": "2026-09-21T16:52:25.299763+00:00", "level": "INFO", "logger": "hunterx.discovery.subdomains", "message": "crt.sh unavailable (status=502)", "module": "subdomains"}
{"ts": "2026-09-21T16:52:25.299906+00:00", "level": "INFO", "logger": "hunterx.discovery.subdomains", "message": "discovery: 0 in-scope names (0 new)", "module": "subdomains"}
{"ts": "2026-09-21T16:52:25.299996+00:00", "level": "INFO", "logger": "hunterx.scan", "message": "NEW ASSETS: (none)", "module": "subdomains"}
{"ts": "2026-09-21T16:52:25.313005+00:00", "level": "INFO", "logger": "hunterx.scan", "message": "phase discovery: done (0 items)", "module": "scan"}
{"ts": "2026-09-21T16:52:25.325242+00:00", "level": "INFO", "logger": "hunterx.scan", "message": "phase dns: starting", "module": "scan"}
{"ts": "2026-09-21T16:52:25.326000+00:00", "level": "INFO", "logger": "hunterx.discovery.dns", "message": "dns: resolving 2 hosts", "module": "dns"}
{"ts": "2026-09-21T16:52:25.387343+00:00", "level": "INFO", "logger": "hunterx.discovery.dns", "message": "dns: 2 hosts resolved, 0 dangling-CNAME potentials", "module": "dns"}
{"ts": "2026-09-21T16:52:25.392921+00:00", "level": "INFO", "logger": "hunterx.scan", "message": "phase dns: done (2 items)", "module": "scan"}
{"ts": "2026-09-21T16:52:25.398682+00:00", "level": "INFO", "logger": "hunterx.scan", "message": "phase http: starting", "module": "scan"}
{"ts": "2026-09-21T16:52:25.408305+00:00", "level": "INFO", "logger": "hunterx.web.probe", "message": "probe: checking 1 hosts", "module": "probe"}
{"ts": "2026-09-21T16:52:52.568750+00:00", "level": "INFO", "logger": "hunterx.web.probe", "message": "probe: 0 live endpoints recorded", "module": "probe"}
{"ts": "2026-09-21T16:52:52.581731+00:00", "level": "INFO", "logger": "hunterx.scan", "message": "phase http: done (0 items)", "module": "scan"}
{"ts": "2026-09-21T16:52:52.587462+00:00", "level": "INFO", "logger": "hunterx.scan", "message": "phase ports: starting", "module": "scan"}
{"ts": "2026-09-21T16:52:52.592019+00:00", "level": "INFO", "logger": "hunterx.network.ports", "message": "ports: fallback connect-scan across 1 hosts", "module": "ports"}
{"ts": "2026-09-21T16:52:52.597773+00:00", "level": "INFO", "logger": "hunterx.network.ports", "message": "ports: 1 open ports across 1 hosts", "module": "ports"}
{"ts": "2026-09-21T16:52:52.603348+00:00", "level": "INFO", "logger": "hunterx.scan", "message": "phase ports: done (1 items)", "module": "scan"}
{"ts": "2026-09-21T16:52:52.608970+00:00", "level": "INFO", "logger": "hunterx.scan", "message": "phase fingerprinting: starting", "module": "scan"}
{"ts": "2026-09-21T16:52:54.116778+00:00", "level": "INFO", "logger": "hunterx.web.fingerprint", "message": "fingerprint: 0 technology claims saved", "module": "fingerprint"}
{"ts": "2026-09-21T16:52:54.122627+00:00", "level": "INFO", "logger": "hunterx.scan", "message": "phase fingerprinting: done (0 items)", "module": "scan"}
{"ts": "2026-09-21T16:52:54.128234+00:00", "level": "INFO", "logger": "hunterx.scan", "message": "phase urls: starting", "module": "scan"}
{"ts": "2026-09-21T16:52:54.138198+00:00", "level": "INFO", "logger": "hunterx.web.urls", "message": "urls: gau returned 0", "module": "urls"}
{"ts": "2026-09-21T16:52:54.138396+00:00", "level": "INFO", "logger": "hunterx.web.urls", "message": "urls: waybackurls returned 0", "module": "urls"}
{"ts": "2026-09-21T16:52:54.138618+00:00", "level": "INFO", "logger": "hunterx.web.urls", "message": "urls: katana returned 0", "module": "urls"}
{"ts": "2026-09-21T16:52:55.643117+00:00", "level": "INFO", "logger": "hunterx.web.urls", "message": "urls: stored 0 URLs (0 candidates)", "module": "urls"}
{"ts": "2026-09-21T16:52:55.643460+00:00", "level": "INFO", "logger": "hunterx.web.crawler", "message": "crawler: crawling 2 seeds", "module": "crawler"}
{"ts": "2026-09-21T16:52:58.665880+00:00", "level": "INFO", "logger": "hunterx.web.crawler", "message": "crawler: done (0 pages)", "module": "crawler"}
{"ts": "2026-09-21T16:52:58.671481+00:00", "level": "INFO", "logger": "hunterx.scan", "message": "phase urls: done (0 items)", "module": "scan"}
{"ts": "2026-09-21T16:52:58.678192+00:00", "level": "INFO", "logger": "hunterx.scan", "message": "phase javascript: starting", "module": "scan"}
{"ts": "2026-09-21T16:52:58.681570+00:00", "level": "INFO", "logger": "hunterx.web.js", "message": "js-analysis: no .js URLs yet", "module": "js_analysis"}
{"ts": "2026-09-21T16:52:58.695000+00:00", "level": "INFO", "logger": "hunterx.scan", "message": "phase javascript: done (0 items)", "module": "scan"}
{"ts": "2026-09-21T16:52:58.700846+00:00", "level": "INFO", "logger": "hunterx.scan", "message": "phase parameters: starting", "module": "scan"}
{"ts": "2026-09-21T16:52:58.701351+00:00", "level": "INFO", "logger": "hunterx.web.parameters", "message": "parameters: 0 query parameters indexed", "module": "parameters"}
{"ts": "2026-09-21T16:52:58.707019+00:00", "level": "INFO", "logger": "hunterx.scan", "message": "phase parameters: done (0 items)", "module": "scan"}
{"ts": "2026-09-21T16:52:58.712515+00:00", "level": "INFO", "logger": "hunterx.scan", "message": "phase fuzzing: starting", "module": "scan"}
{"ts": "2026-09-21T16:52:58.715299+00:00", "level": "INFO", "logger": "hunterx.web.fuzzing", "message": "fuzzing: 0 additional paths discovered (medium tier)", "module": "fuzzing"}
{"ts": "2026-09-21T16:52:58.720835+00:00", "level": "INFO", "logger": "hunterx.scan", "message": "phase fuzzing: done (0 items)", "module": "scan"}
{"ts": "2026-09-21T16:52:58.727326+00:00", "level": "INFO", "logger": "hunterx.scan", "message": "phase scanners: starting", "module": "scan"}
{"ts": "2026-09-21T16:52:58.730832+00:00", "level": "INFO", "logger": "hunterx.scanners.headers", "message": "headers: 0 new missing-header findings", "module": "headers"}
{"ts": "2026-09-21T16:52:58.731028+00:00", "level": "INFO", "logger": "hunterx.scanners.cors", "message": "cors: checked 0 origins", "module": "cors"}
{"ts": "2026-09-21T16:52:58.731195+00:00", "level": "INFO", "logger": "hunterx.scanners.redirects", "message": "redirect: checked 0 parameterized URLs", "module": "redirects"}
{"ts": "2026-09-21T16:52:58.731355+00:00", "level": "INFO", "logger": "hunterx.scanners.exposures", "message": "exposures: checked 0 origins", "module": "exposures"}
{"ts": "2026-09-21T16:52:58.731774+00:00", "level": "INFO", "logger": "hunterx.scanners.nuclei", "message": "nuclei: not installed; skipped", "module": "nuclei"}
{"ts": "2026-09-21T16:52:58.731895+00:00", "level": "INFO", "logger": "hunterx.scanners.run", "message": "scanners: complete (0 new findings)", "module": "run"}
{"ts": "2026-09-21T16:52:58.737426+00:00", "level": "INFO", "logger": "hunterx.scan", "message": "phase scanners: done (0 items)", "module": "scan"}
{"ts": "2026-09-21T16:52:58.743226+00:00", "level": "INFO", "logger": "hunterx.scan", "message": "phase cve: starting", "module": "scan"}
{"ts": "2026-09-21T16:52:58.745296+00:00", "level": "INFO", "logger": "hunterx.intelligence.cve", "message": "cve: 0 new correlated findings", "module": "cve"}
{"ts": "2026-09-21T16:52:58.750897+00:00", "level": "INFO", "logger": "hunterx.scan", "message": "phase cve: done (0 items)", "module": "scan"}
{"ts": "2026-09-21T16:52:58.756563+00:00", "level": "INFO", "logger": "hunterx.scan", "message": "phase dedup: starting", "module": "scan"}
{"ts": "2026-09-21T16:52:58.757625+00:00", "level": "INFO", "logger": "hunterx.analysis.dedup", "message": "dedup: 0 duplicates removed, 0 noise-marked", "module": "dedup"}
{"ts": "2026-09-21T16:52:58.763269+00:00", "level": "INFO", "logger": "hunterx.scan", "message": "phase dedup: done (0 items)", "module": "scan"}
{"ts": "2026-09-21T16:52:58.768949+00:00", "level": "INFO", "logger": "hunterx.scan", "message": "phase evidence: starting", "module": "scan"}
{"ts": "2026-09-21T16:52:58.769622+00:00", "level": "INFO", "logger": "hunterx.analysis.evidence", "message": "evidence: staged files under /home/yassr/hunterx/data/evidence/RUN-2026-09-21-012", "module": "evidence"}
{"ts": "2026-09-21T16:52:58.775188+00:00", "level": "INFO", "logger": "hunterx.scan", "message": "phase evidence: done (0 items)", "module": "scan"}
{"ts": "2026-09-21T16:52:58.782461+00:00", "level": "INFO", "logger": "hunterx.scan", "message": "phase prioritization: starting", "module": "scan"}
{"ts": "2026-09-21T16:52:58.783488+00:00", "level": "INFO", "logger": "hunterx.analysis.prioritization", "message": "prioritization: scored 0 findings", "module": "prioritization"}
{"ts": "2026-09-21T16:52:58.788871+00:00", "level": "INFO", "logger": "hunterx.scan", "message": "phase prioritization: done (0 items)", "module": "scan"}
{"ts": "2026-09-21T16:52:58.794388+00:00", "level": "INFO", "logger": "hunterx.scan", "message": "phase ai: starting", "module": "scan"}
{"ts": "2026-09-21T16:52:58.795281+00:00", "level": "INFO", "logger": "hunterx.analysis.ai", "message": "ai: disabled in config, skipping", "module": "ai"}
{"ts": "2026-09-21T16:52:58.800835+00:00", "level": "INFO", "logger": "hunterx.scan", "message": "phase ai: done (0 items)", "module": "scan"}
{"ts": "2026-09-21T16:52:58.806481+00:00", "level": "INFO", "logger": "hunterx.scan", "message": "phase reporting: starting", "module": "scan"}
{"ts": "2026-09-21T16:52:58.808984+00:00", "level": "INFO", "logger": "hunterx.reporting", "message": "reporting: 5 format(s) written to /home/yassr/hunterx/reports/RUN-2026-09-21-012", "module": "run"}
{"ts": "2026-09-21T16:52:58.814510+00:00", "level": "INFO", "logger": "hunterx.scan", "message": "phase reporting: done (0 items)", "module": "scan"}
{"ts": "2026-09-21T16:52:58.853986+00:00", "level": "INFO", "logger": "hunterx.reporting", "message": "reporting: 5 format(s) written to /home/yassr/hunterx/reports/RUN-2026-09-21-012", "module": "run"}
{"ts": "2026-09-22T09:09:52.133752+00:00", "level": "INFO", "logger": "hunterx.scan", "message": "phase discovery: starting", "module": "scan"}
{"ts": "2026-09-22T09:09:52.135006+00:00", "level": "INFO", "logger": "hunterx.discovery.subdomains", "message": "discovery: collecting subdomains for *.crypto.com", "module": "subdomains"}
{"ts": "2026-09-22T09:09:52.220388+00:00", "level": "INFO", "logger": "hunterx.discovery.subdomains", "message": "subdomain source subfinder not installed; skipped", "module": "subdomains"}
{"ts": "2026-09-22T09:09:52.220625+00:00", "level": "INFO", "logger": "hunterx.discovery.subdomains", "message": "subdomain source assetfinder not installed; skipped", "module": "subdomains"}
{"ts": "2026-09-22T09:09:52.220813+00:00", "level": "INFO", "logger": "hunterx.discovery.subdomains", "message": "subdomain source amass not installed; skipped", "module": "subdomains"}
{"ts": "2026-09-22T09:09:52.883008+00:00", "level": "INFO", "logger": "hunterx.http", "message": "GET https://crt.sh/?q=%25.*.crypto.com&output=json -> 404", "run_id": "RUN-2026-09-22-001", "module": "httpclient"}
{"ts": "2026-09-22T09:09:52.883218+00:00", "level": "INFO", "logger": "hunterx.discovery.subdomains", "message": "crt.sh unavailable (transient upstream); retrying once", "module": "subdomains"}
{"ts": "2026-09-22T09:09:53.386083+00:00", "level": "INFO", "logger": "hunterx.http", "message": "GET https://crt.sh/?q=%25.*.crypto.com&output=json -> 404", "run_id": "RUN-2026-09-22-001", "module": "httpclient"}
{"ts": "2026-09-22T09:09:53.386717+00:00", "level": "INFO", "logger": "hunterx.discovery.subdomains", "message": "discovery: 0 in-scope names (0 new)", "module": "subdomains"}
{"ts": "2026-09-22T09:09:53.387131+00:00", "level": "INFO", "logger": "hunterx.scan", "message": "NEW ASSETS: (none)", "module": "subdomains"}
{"ts": "2026-09-22T09:09:53.408287+00:00", "level": "INFO", "logger": "hunterx.scan", "message": "phase discovery: done (0 items)", "module": "scan"}
{"ts": "2026-09-22T09:09:53.415303+00:00", "level": "INFO", "logger": "hunterx.scan", "message": "phase dns: starting", "module": "scan"}
{"ts": "2026-09-22T09:09:53.417272+00:00", "level": "INFO", "logger": "hunterx.discovery.dns", "message": "dns: resolving 2 hosts", "module": "dns"}
{"ts": "2026-09-22T09:09:53.478988+00:00", "level": "INFO", "logger": "hunterx.discovery.dns", "message": "dns: 2 hosts resolved, 0 dangling-CNAME potentials", "module": "dns"}
{"ts": "2026-09-22T09:09:53.486383+00:00", "level": "INFO", "logger": "hunterx.scan", "message": "phase dns: done (2 items)", "module": "scan"}
{"ts": "2026-09-22T09:09:53.494005+00:00", "level": "INFO", "logger": "hunterx.scan", "message": "phase http: starting", "module": "scan"}
{"ts": "2026-09-22T09:09:53.495094+00:00", "level": "INFO", "logger": "hunterx.web.probe", "message": "probe: checking 1 hosts", "module": "probe"}
{"ts": "2026-09-22T09:10:14.655288+00:00", "level": "INFO", "logger": "hunterx.web.probe", "message": "probe: 0 live endpoints recorded", "module": "probe"}
{"ts": "2026-09-22T09:10:14.669277+00:00", "level": "INFO", "logger": "hunterx.scan", "message": "phase http: done (0 items)", "module": "scan"}
{"ts": "2026-09-22T09:10:14.678296+00:00", "level": "INFO", "logger": "hunterx.scan", "message": "phase ports: starting", "module": "scan"}
{"ts": "2026-09-22T09:10:14.699199+00:00", "level": "INFO", "logger": "hunterx.network.ports", "message": "ports: fallback connect-scan across 1 hosts", "module": "ports"}
{"ts": "2026-09-22T09:10:14.699643+00:00", "level": "INFO", "logger": "hunterx.network.ports", "message": "ports: 0 open ports across 1 hosts", "module": "ports"}
{"ts": "2026-09-22T09:10:14.705102+00:00", "level": "INFO", "logger": "hunterx.scan", "message": "phase ports: done (0 items)", "module": "scan"}
{"ts": "2026-09-22T09:10:14.710469+00:00", "level": "INFO", "logger": "hunterx.scan", "message": "phase fingerprinting: starting", "module": "scan"}
{"ts": "2026-09-22T09:10:16.224831+00:00", "level": "INFO", "logger": "hunterx.web.fingerprint", "message": "fingerprint: 0 technology claims saved", "module": "fingerprint"}
{"ts": "2026-09-22T09:10:16.238711+00:00", "level": "INFO", "logger": "hunterx.scan", "message": "phase fingerprinting: done (0 items)", "module": "scan"}
{"ts": "2026-09-22T09:10:16.245663+00:00", "level": "INFO", "logger": "hunterx.scan", "message": "phase urls: starting", "module": "scan"}
{"ts": "2026-09-22T09:10:16.304818+00:00", "level": "INFO", "logger": "hunterx.web.urls", "message": "urls: gau returned 0", "module": "urls"}
{"ts": "2026-09-22T09:10:16.305054+00:00", "level": "INFO", "logger": "hunterx.web.urls", "message": "urls: waybackurls returned 0", "module": "urls"}
{"ts": "2026-09-22T09:10:16.305269+00:00", "level": "INFO", "logger": "hunterx.web.urls", "message": "urls: katana returned 0", "module": "urls"}
{"ts": "2026-09-22T09:10:17.816041+00:00", "level": "INFO", "logger": "hunterx.web.urls", "message": "urls: stored 0 URLs (0 candidates)", "module": "urls"}
{"ts": "2026-09-22T09:10:17.817316+00:00", "level": "INFO", "logger": "hunterx.web.crawler", "message": "crawler: crawling 2 seeds", "module": "crawler"}
{"ts": "2026-09-22T09:10:20.863458+00:00", "level": "INFO", "logger": "hunterx.web.crawler", "message": "crawler: done (0 pages)", "module": "crawler"}
{"ts": "2026-09-22T09:10:20.899292+00:00", "level": "INFO", "logger": "hunterx.scan", "message": "phase urls: done (0 items)", "module": "scan"}
{"ts": "2026-09-22T09:10:20.906216+00:00", "level": "INFO", "logger": "hunterx.scan", "message": "phase javascript: starting", "module": "scan"}
{"ts": "2026-09-22T09:10:20.914154+00:00", "level": "INFO", "logger": "hunterx.web.js", "message": "js-analysis: no .js URLs yet", "module": "js_analysis"}
{"ts": "2026-09-22T09:10:20.920533+00:00", "level": "INFO", "logger": "hunterx.scan", "message": "phase javascript: done (0 items)", "module": "scan"}
{"ts": "2026-09-22T09:10:20.927503+00:00", "level": "INFO", "logger": "hunterx.scan", "message": "phase parameters: starting", "module": "scan"}
{"ts": "2026-09-22T09:10:20.929289+00:00", "level": "INFO", "logger": "hunterx.web.parameters", "message": "parameters: 0 query parameters indexed", "module": "parameters"}
{"ts": "2026-09-22T09:10:20.935823+00:00", "level": "INFO", "logger": "hunterx.scan", "message": "phase parameters: done (0 items)", "module": "scan"}
{"ts": "2026-09-22T09:10:20.942653+00:00", "level": "INFO", "logger": "hunterx.scan", "message": "phase fuzzing: starting", "module": "scan"}
{"ts": "2026-09-22T09:10:20.949614+00:00", "level": "INFO", "logger": "hunterx.web.fuzzing", "message": "fuzzing: 0 additional paths discovered (small tier)", "module": "fuzzing"}
{"ts": "2026-09-22T09:10:20.955995+00:00", "level": "INFO", "logger": "hunterx.scan", "message": "phase fuzzing: done (0 items)", "module": "scan"}
{"ts": "2026-09-22T09:10:20.962069+00:00", "level": "INFO", "logger": "hunterx.scan", "message": "phase scanners: starting", "module": "scan"}
{"ts": "2026-09-22T09:10:20.964225+00:00", "level": "INFO", "logger": "hunterx.scanners.headers", "message": "headers: 0 new missing-header findings", "module": "headers"}
{"ts": "2026-09-22T09:10:20.964387+00:00", "level": "INFO", "logger": "hunterx.scanners.cors", "message": "cors: checked 0 origins", "module": "cors"}
{"ts": "2026-09-22T09:10:20.964585+00:00", "level": "INFO", "logger": "hunterx.scanners.redirects", "message": "redirect: checked 0 parameterized URLs", "module": "redirects"}
{"ts": "2026-09-22T09:10:20.964739+00:00", "level": "INFO", "logger": "hunterx.scanners.exposures", "message": "exposures: checked 0 origins", "module": "exposures"}
{"ts": "2026-09-22T09:10:20.965019+00:00", "level": "INFO", "logger": "hunterx.scanners.nuclei", "message": "nuclei: not installed; skipped", "module": "nuclei"}
{"ts": "2026-09-22T09:10:20.965125+00:00", "level": "INFO", "logger": "hunterx.scanners.run", "message": "scanners: complete (0 new findings)", "module": "run"}
{"ts": "2026-09-22T09:10:20.970374+00:00", "level": "INFO", "logger": "hunterx.scan", "message": "phase scanners: done (0 items)", "module": "scan"}
{"ts": "2026-09-22T09:10:20.976242+00:00", "level": "INFO", "logger": "hunterx.scan", "message": "phase cve: starting", "module": "scan"}
{"ts": "2026-09-22T09:10:20.978007+00:00", "level": "INFO", "logger": "hunterx.intelligence.cve", "message": "cve: 0 new correlated findings", "module": "cve"}
{"ts": "2026-09-22T09:10:20.983500+00:00", "level": "INFO", "logger": "hunterx.scan", "message": "phase cve: done (0 items)", "module": "scan"}
{"ts": "2026-09-22T09:10:20.989507+00:00", "level": "INFO", "logger": "hunterx.scan", "message": "phase dedup: starting", "module": "scan"}
{"ts": "2026-09-22T09:10:20.990655+00:00", "level": "INFO", "logger": "hunterx.analysis.dedup", "message": "dedup: 0 duplicates removed, 0 noise-marked", "module": "dedup"}
{"ts": "2026-09-22T09:10:20.996096+00:00", "level": "INFO", "logger": "hunterx.scan", "message": "phase dedup: done (0 items)", "module": "scan"}
{"ts": "2026-09-22T09:10:21.001794+00:00", "level": "INFO", "logger": "hunterx.scan", "message": "phase evidence: starting", "module": "scan"}
{"ts": "2026-09-22T09:10:21.002471+00:00", "level": "INFO", "logger": "hunterx.analysis.evidence", "message": "evidence: staged files under /app/data/evidence/RUN-2026-09-22-001", "module": "evidence"}
{"ts": "2026-09-22T09:10:21.008045+00:00", "level": "INFO", "logger": "hunterx.scan", "message": "phase evidence: done (0 items)", "module": "scan"}
{"ts": "2026-09-22T09:10:21.013767+00:00", "level": "INFO", "logger": "hunterx.scan", "message": "phase prioritization: starting", "module": "scan"}
{"ts": "2026-09-22T09:10:21.014493+00:00", "level": "INFO", "logger": "hunterx.analysis.prioritization", "message": "prioritization: scored 0 findings", "module": "prioritization"}
{"ts": "2026-09-22T09:10:21.023426+00:00", "level": "INFO", "logger": "hunterx.scan", "message": "phase prioritization: done (0 items)", "module": "scan"}
{"ts": "2026-09-22T09:10:21.029070+00:00", "level": "INFO", "logger": "hunterx.scan", "message": "phase ai: starting", "module": "scan"}
{"ts": "2026-09-22T09:10:21.029670+00:00", "level": "INFO", "logger": "hunterx.analysis.ai", "message": "ai: disabled in config, skipping", "module": "ai"}
{"ts": "2026-09-22T09:10:21.035492+00:00", "level": "INFO", "logger": "hunterx.scan", "message": "phase ai: done (0 items)", "module": "scan"}
{"ts": "2026-09-22T09:10:21.041379+00:00", "level": "INFO", "logger": "hunterx.scan", "message": "phase reporting: starting", "module": "scan"}
{"ts": "2026-09-22T09:10:21.044323+00:00", "level": "INFO", "logger": "hunterx.reporting", "message": "reporting: 5 format(s) written to /app/reports/RUN-2026-09-22-001", "module": "run"}
{"ts": "2026-09-22T09:10:21.049924+00:00", "level": "INFO", "logger": "hunterx.scan", "message": "phase reporting: done (0 items)", "module": "scan"}
{"ts": "2026-09-22T09:10:21.055869+00:00", "level": "INFO", "logger": "hunterx.scan", "message": "phase notification: starting", "module": "scan"}
{"ts": "2026-09-22T09:10:21.060276+00:00", "level": "INFO", "logger": "hunterx.integrations", "message": "notify: 0 notifications dispatched", "module": "notify"}
{"ts": "2026-09-22T09:10:21.068350+00:00", "level": "INFO", "logger": "hunterx.scan", "message": "phase notification: done (0 items)", "module": "scan"}
